# name: TestCogLookingForGameJoinButton.test_join_with_show_points
  <class 'list'> [
    <class 'dict'> {
      'components': <class 'tuple'> (
        <class 'dict'> {
          'custom_id': 'points',
          'disabled': False,
          'max_values': None,
          'min_values': None,
          'options': <class 'list'> [
            <class 'dict'> {
              'default': False,
              'description': None,
              'emoji': <class 'dict'> {
                'id': None,
                'name': '0Ô∏è‚É£',
              },
              'label': 'No points',
              'value': '0',
            },
            <class 'dict'> {
              'default': False,
              'description': None,
              'emoji': <class 'dict'> {
                'id': None,
                'name': '1Ô∏è‚É£',
              },
              'label': 'One point',
              'value': '1',
            },
            <class 'dict'> {
              'default': False,
              'description': None,
              'emoji': <class 'dict'> {
                'id': None,
                'name': '2Ô∏è‚É£',
              },
              'label': 'Two points',
              'value': '2',
            },
            <class 'dict'> {
              'default': False,
              'description': None,
              'emoji': <class 'dict'> {
                'id': None,
                'name': '3Ô∏è‚É£',
              },
              'label': 'Three points',
              'value': '3',
            },
            <class 'dict'> {
              'default': False,
              'description': None,
              'emoji': <class 'dict'> {
                'id': None,
                'name': '4Ô∏è‚É£',
              },
              'label': 'Four points',
              'value': '4',
            },
            <class 'dict'> {
              'default': False,
              'description': None,
              'emoji': <class 'dict'> {
                'id': None,
                'name': '5Ô∏è‚É£',
              },
              'label': 'Five points',
              'value': '5',
            },
            <class 'dict'> {
              'default': False,
              'description': None,
              'emoji': <class 'dict'> {
                'id': None,
                'name': '6Ô∏è‚É£',
              },
              'label': 'Six points',
              'value': '6',
            },
            <class 'dict'> {
              'default': False,
              'description': None,
              'emoji': <class 'dict'> {
                'id': None,
                'name': '7Ô∏è‚É£',
              },
              'label': 'Seven points',
              'value': '7',
            },
            <class 'dict'> {
              'default': False,
              'description': None,
              'emoji': <class 'dict'> {
                'id': None,
                'name': '8Ô∏è‚É£',
              },
              'label': 'Eight points',
              'value': '8',
            },
            <class 'dict'> {
              'default': False,
              'description': None,
              'emoji': <class 'dict'> {
                'id': None,
                'name': '9Ô∏è‚É£',
              },
              'label': 'Nine points',
              'value': '9',
            },
            <class 'dict'> {
              'default': False,
              'description': None,
              'emoji': <class 'dict'> {
                'id': None,
                'name': 'üîü',
              },
              'label': 'Ten points',
              'value': '10',
            },
          ],
          'placeholder': 'How many points do you have to report?',
          'type': <ComponentType.select: 3>,
        },
      ),
      'type': <ComponentType.actionrow: 1>,
    },
  ]
---
